// Jest Snapshot v1, https://goo.gl/fbAQLP

exports[`test preprocessor write /tmp/file2 <ref> 1`] = `
"function () {
          // If it's a variable, return raw value
          if (settingsKey.startsWith('vars.')) {
            // eslint-disable-next-line no-eval
            return eval('this.settings.' + settingsKey);
            // Treat everything else as a string
          } else {
            // eslint-disable-next-line no-eval
            return eval('this.settings.' + settingsKey).split(/\\\\n/g);
          }
        }"
`;
