// Jest Snapshot v1, https://goo.gl/fbAQLP

exports[`task compilation create-setup.sh 1`] = `
"[
  \\"rm -rf /instance $HOME/.keys $HOME/.ssh/config\\",
  \\"mkdir -p /instance/ $HOME/.keys\\",
  \\"chown -R ubuntu /instance/ $HOME/.keys\\",
  \\"chmod 755 $HOME/.keys\\",
  [
    \\"put\\",
    [
      \\"/my/key $HOME/.key\\",
      \\"/deploy_key\\"
    ]
  ],
  \\"chmod 400 $HOME/.keys/deploy_key\\",
  [
    \\"echo\\",
    \\"$HOME/.ssh/config\\",
    [
      \\"  Host 192.168.100.100\\",
      \\"    Hostname my-server\\",
      \\"    Port 22\\",
      \\"    IdentityFile $HOME/.keys/deploy_key\\",
      \\"    User username\\",
      \\"    StrictHostKeyChecking no\\"
    ]
  ]
]"
`;
