// Jest Snapshot v1, https://goo.gl/fbAQLP

exports[`test handling single handler 1`] = `
"[INFO] [local] touch: /parent/doesnt/exist: No such file or directory
[INFO] [local] [FAIL] touch /parent/doesnt/exist
[INFO] [local] [OK] write /tmp/fabula-handler-test vars.touchErrorCode
[INFO] [local] 1
[INFO] [local] [OK] cat /tmp/fabula-handler-test
[INFO] [local] [OK] rm /tmp/fabula-handler-test
"
`;
